Archive member included to satisfy reference by file (symbol)

C:/ST/STM32CubeIDE_1.15.0/STM32CubeIDE/plugins/com.st.stm32cube.ide.mcu.externaltools.gnu-tools-for-stm32.13.3.rel1.win32_1.0.0.202411081344/tools/bin/../lib/gcc/arm-none-eabi/13.3.1/../../../../arm-none-eabi/lib/thumb/v7e-m+fp/hard\libc_nano.a(libc_a-exit.o)
                              C:/ST/STM32CubeIDE_1.15.0/STM32CubeIDE/plugins/com.st.stm32cube.ide.mcu.externaltools.gnu-tools-for-stm32.13.3.rel1.win32_1.0.0.202411081344/tools/bin/../lib/gcc/arm-none-eabi/13.3.1/../../../../arm-none-eabi/lib/thumb/v7e-m+fp/hard/crt0.o (exit)
C:/ST/STM32CubeIDE_1.15.0/STM32CubeIDE/plugins/com.st.stm32cube.ide.mcu.externaltools.gnu-tools-for-stm32.13.3.rel1.win32_1.0.0.202411081344/tools/bin/../lib/gcc/arm-none-eabi/13.3.1/../../../../arm-none-eabi/lib/thumb/v7e-m+fp/hard\libc_nano.a(libc_a-findfp.o)
                              C:/ST/STM32CubeIDE_1.15.0/STM32CubeIDE/plugins/com.st.stm32cube.ide.mcu.externaltools.gnu-tools-for-stm32.13.3.rel1.win32_1.0.0.202411081344/tools/bin/../lib/gcc/arm-none-eabi/13.3.1/../../../../arm-none-eabi/lib/thumb/v7e-m+fp/hard\libc_nano.a(libc_a-exit.o) (__stdio_exit_handler)
C:/ST/STM32CubeIDE_1.15.0/STM32CubeIDE/plugins/com.st.stm32cube.ide.mcu.externaltools.gnu-tools-for-stm32.13.3.rel1.win32_1.0.0.202411081344/tools/bin/../lib/gcc/arm-none-eabi/13.3.1/../../../../arm-none-eabi/lib/thumb/v7e-m+fp/hard\libc_nano.a(libc_a-fwalk.o)
                              C:/ST/STM32CubeIDE_1.15.0/STM32CubeIDE/plugins/com.st.stm32cube.ide.mcu.externaltools.gnu-tools-for-stm32.13.3.rel1.win32_1.0.0.202411081344/tools/bin/../lib/gcc/arm-none-eabi/13.3.1/../../../../arm-none-eabi/lib/thumb/v7e-m+fp/hard\libc_nano.a(libc_a-findfp.o) (_fwalk_sglue)
C:/ST/STM32CubeIDE_1.15.0/STM32CubeIDE/plugins/com.st.stm32cube.ide.mcu.externaltools.gnu-tools-for-stm32.13.3.rel1.win32_1.0.0.202411081344/tools/bin/../lib/gcc/arm-none-eabi/13.3.1/../../../../arm-none-eabi/lib/thumb/v7e-m+fp/hard\libc_nano.a(libc_a-stdio.o)
                              C:/ST/STM32CubeIDE_1.15.0/STM32CubeIDE/plugins/com.st.stm32cube.ide.mcu.externaltools.gnu-tools-for-stm32.13.3.rel1.win32_1.0.0.202411081344/tools/bin/../lib/gcc/arm-none-eabi/13.3.1/../../../../arm-none-eabi/lib/thumb/v7e-m+fp/hard\libc_nano.a(libc_a-findfp.o) (__sread)
C:/ST/STM32CubeIDE_1.15.0/STM32CubeIDE/plugins/com.st.stm32cube.ide.mcu.externaltools.gnu-tools-for-stm32.13.3.rel1.win32_1.0.0.202411081344/tools/bin/../lib/gcc/arm-none-eabi/13.3.1/../../../../arm-none-eabi/lib/thumb/v7e-m+fp/hard\libc_nano.a(libc_a-memset.o)
                              C:/ST/STM32CubeIDE_1.15.0/STM32CubeIDE/plugins/com.st.stm32cube.ide.mcu.externaltools.gnu-tools-for-stm32.13.3.rel1.win32_1.0.0.202411081344/tools/bin/../lib/gcc/arm-none-eabi/13.3.1/../../../../arm-none-eabi/lib/thumb/v7e-m+fp/hard/crt0.o (memset)
C:/ST/STM32CubeIDE_1.15.0/STM32CubeIDE/plugins/com.st.stm32cube.ide.mcu.externaltools.gnu-tools-for-stm32.13.3.rel1.win32_1.0.0.202411081344/tools/bin/../lib/gcc/arm-none-eabi/13.3.1/../../../../arm-none-eabi/lib/thumb/v7e-m+fp/hard\libc_nano.a(libc_a-closer.o)
                              C:/ST/STM32CubeIDE_1.15.0/STM32CubeIDE/plugins/com.st.stm32cube.ide.mcu.externaltools.gnu-tools-for-stm32.13.3.rel1.win32_1.0.0.202411081344/tools/bin/../lib/gcc/arm-none-eabi/13.3.1/../../../../arm-none-eabi/lib/thumb/v7e-m+fp/hard\libc_nano.a(libc_a-stdio.o) (_close_r)
C:/ST/STM32CubeIDE_1.15.0/STM32CubeIDE/plugins/com.st.stm32cube.ide.mcu.externaltools.gnu-tools-for-stm32.13.3.rel1.win32_1.0.0.202411081344/tools/bin/../lib/gcc/arm-none-eabi/13.3.1/../../../../arm-none-eabi/lib/thumb/v7e-m+fp/hard\libc_nano.a(libc_a-reent.o)
                              C:/ST/STM32CubeIDE_1.15.0/STM32CubeIDE/plugins/com.st.stm32cube.ide.mcu.externaltools.gnu-tools-for-stm32.13.3.rel1.win32_1.0.0.202411081344/tools/bin/../lib/gcc/arm-none-eabi/13.3.1/../../../../arm-none-eabi/lib/thumb/v7e-m+fp/hard\libc_nano.a(libc_a-closer.o) (errno)
C:/ST/STM32CubeIDE_1.15.0/STM32CubeIDE/plugins/com.st.stm32cube.ide.mcu.externaltools.gnu-tools-for-stm32.13.3.rel1.win32_1.0.0.202411081344/tools/bin/../lib/gcc/arm-none-eabi/13.3.1/../../../../arm-none-eabi/lib/thumb/v7e-m+fp/hard\libc_nano.a(libc_a-impure.o)
                              C:/ST/STM32CubeIDE_1.15.0/STM32CubeIDE/plugins/com.st.stm32cube.ide.mcu.externaltools.gnu-tools-for-stm32.13.3.rel1.win32_1.0.0.202411081344/tools/bin/../lib/gcc/arm-none-eabi/13.3.1/../../../../arm-none-eabi/lib/thumb/v7e-m+fp/hard\libc_nano.a(libc_a-reent.o) (_impure_ptr)
C:/ST/STM32CubeIDE_1.15.0/STM32CubeIDE/plugins/com.st.stm32cube.ide.mcu.externaltools.gnu-tools-for-stm32.13.3.rel1.win32_1.0.0.202411081344/tools/bin/../lib/gcc/arm-none-eabi/13.3.1/../../../../arm-none-eabi/lib/thumb/v7e-m+fp/hard\libc_nano.a(libc_a-lseekr.o)
[...]
Memory Configuration

Name             Origin             Length             Attributes
FLASH            0x08000000         0x00080000         xr
RAM              0x20000008         0x0002fff8         xrw
RAM_SHARED       0x20030000         0x00002800         xrw
*default*        0x00000000         0xffffffff

Linker script and memory map

LOAD C:/ST/STM32CubeIDE_1.15.0/STM32CubeIDE/plugins/com.st.stm32cube.ide.mcu.externaltools.gnu-tools-for-stm32.13.3.rel1.win32_1.0.0.202411081344/tools/bin/../lib/gcc/arm-none-eabi/13.3.1/thumb/v7e-m+fp/hard/crti.o
LOAD C:/ST/STM32CubeIDE_1.15.0/STM32CubeIDE/plugins/com.st.stm32cube.ide.mcu.externaltools.gnu-tools-for-stm32.13.3.rel1.win32_1.0.0.202411081344/tools/bin/../lib/gcc/arm-none-eabi/13.3.1/thumb/v7e-m+fp/hard/crtbegin.o
LOAD C:/ST/STM32CubeIDE_1.15.0/STM32CubeIDE/plugins/com.st.stm32cube.ide.mcu.externaltools.gnu-tools-for-stm32.13.3.rel1.win32_1.0.0.202411081344/tools/bin/../lib/gcc/arm-none-eabi/13.3.1/../../../../arm-none-eabi/lib/thumb/v7e-m+fp/hard/crt0.o
LOAD ./Core/Src/BME280_STM32.o
LOAD ./Core/Src/main.o
LOAD ./Core/Src/stm32wbxx_hal_msp.o
LOAD ./Core/Src/stm32wbxx_it.o
LOAD ./Core/Src/syscalls.o
LOAD ./Core/Src/sysmem.o
LOAD ./Core/Src/system_stm32wbxx.o
LOAD ./Core/Startup/startup_stm32wb55cgux.o
LOAD ./Drivers/STM32WBxx_HAL_Driver/Src/stm32wbxx_hal.o
LOAD ./Drivers/STM32WBxx_HAL_Driver/Src/stm32wbxx_hal_cortex.o
LOAD ./Drivers/STM32WBxx_HAL_Driver/Src/stm32wbxx_hal_dma.o
LOAD ./Drivers/STM32WBxx_HAL_Driver/Src/stm32wbxx_hal_dma_ex.o
LOAD ./Drivers/STM32WBxx_HAL_Driver/Src/stm32wbxx_hal_exti.o
LOAD ./Drivers/STM32WBxx_HAL_Driver/Src/stm32wbxx_hal_flash.o
LOAD ./Drivers/STM32WBxx_HAL_Driver/Src/stm32wbxx_hal_flash_ex.o
LOAD ./Drivers/STM32WBxx_HAL_Driver/Src/stm32wbxx_hal_gpio.o
LOAD ./Drivers/STM32WBxx_HAL_Driver/Src/stm32wbxx_hal_hsem.o
LOAD ./Drivers/STM32WBxx_HAL_Driver/Src/stm32wbxx_hal_i2c.o
LOAD ./Drivers/STM32WBxx_HAL_Driver/Src/stm32wbxx_hal_i2c_ex.o
LOAD ./Drivers/STM32WBxx_HAL_Driver/Src/stm32wbxx_hal_pwr.o
LOAD ./Drivers/STM32WBxx_HAL_Driver/Src/stm32wbxx_hal_pwr_ex.o
LOAD ./Drivers/STM32WBxx_HAL_Driver/Src/stm32wbxx_hal_rcc.o
LOAD ./Drivers/STM32WBxx_HAL_Driver/Src/stm32wbxx_hal_rcc_ex.o
LOAD ./Drivers/STM32WBxx_HAL_Driver/Src/stm32wbxx_ll_rcc.o
START GROUP
LOAD C:/ST/STM32CubeIDE_1.15.0/STM32CubeIDE/plugins/com.st.stm32cube.ide.mcu.externaltools.gnu-tools-for-stm32.13.3.rel1.win32_1.0.0.202411081344/tools/bin/../lib/gcc/arm-none-eabi/13.3.1/../../../../arm-none-eabi/lib/thumb/v7e-m+fp/hard\libc_nano.a
LOAD C:/ST/STM32CubeIDE_1.15.0/STM32CubeIDE/plugins/com.st.stm32cube.ide.mcu.externaltools.gnu-tools-for-stm32.13.3.rel1.win32_1.0.0.202411081344/tools/bin/../lib/gcc/arm-none-eabi/13.3.1/../../../../arm-none-eabi/lib/thumb/v7e-m+fp/hard\libm.a
END GROUP
START GROUP
LOAD C:/ST/STM32CubeIDE_1.15.0/STM32CubeIDE/plugins/com.st.stm32cube.ide.mcu.externaltools.gnu-tools-for-stm32.13.3.rel1.win32_1.0.0.202411081344/tools/bin/../lib/gcc/arm-none-eabi/13.3.1/thumb/v7e-m+fp/hard\libgcc.a
LOAD C:/ST/STM32CubeIDE_1.15.0/STM32CubeIDE/plugins/com.st.stm32cube.ide.mcu.externaltools.gnu-tools-for-stm32.13.3.rel1.win32_1.0.0.202411081344/tools/bin/../lib/gcc/arm-none-eabi/13.3.1/../../../../arm-none-eabi/lib/thumb/v7e-m+fp/hard\libc_nano.a
END GROUP
START GROUP
LOAD C:/ST/STM32CubeIDE_1.15.0/STM32CubeIDE/plugins/com.st.stm32cube.ide.mcu.externaltools.gnu-tools-for-stm32.13.3.rel1.win32_1.0.0.202411081344/tools/bin/../lib/gcc/arm-none-eabi/13.3.1/thumb/v7e-m+fp/hard\libgcc.a
LOAD C:/ST/STM32CubeIDE_1.15.0/STM32CubeIDE/plugins/com.st.stm32cube.ide.mcu.externaltools.gnu-tools-for-stm32.13.3.rel1.win32_1.0.0.202411081344/tools/bin/../lib/gcc/arm-none-eabi/13.3.1/../../../../arm-none-eabi/lib/thumb/v7e-m+fp/hard\libc_nano.a
LOAD C:/ST/STM32CubeIDE_1.15.0/STM32CubeIDE/plugins/com.st.stm32cube.ide.mcu.externaltools.gnu-tools-for-stm32.13.3.rel1.win32_1.0.0.202411081344/tools/bin/../lib/gcc/arm-none-eabi/13.3.1/../../../../arm-none-eabi/lib/thumb/v7e-m+fp/hard\libnosys.a
END GROUP
START GROUP
LOAD C:/ST/STM32CubeIDE_1.15.0/STM32CubeIDE/plugins/com.st.stm32cube.ide.mcu.externaltools.gnu-tools-for-stm32.13.3.rel1.win32_1.0.0.202411081344/tools/bin/../lib/gcc/arm-none-eabi/13.3.1/thumb/v7e-m+fp/hard\libgcc.a
LOAD C:/ST/STM32CubeIDE_1.15.0/STM32CubeIDE/plugins/com.st.stm32cube.ide.mcu.externaltools.gnu-tools-for-stm32.13.3.rel1.win32_1.0.0.202411081344/tools/bin/../lib/gcc/arm-none-eabi/13.3.1/../../../../arm-none-eabi/lib/thumb/v7e-m+fp/hard\libc_nano.a
LOAD C:/ST/STM32CubeIDE_1.15.0/STM32CubeIDE/plugins/com.st.stm32cube.ide.mcu.externaltools.gnu-tools-for-stm32.13.3.rel1.win32_1.0.0.202411081344/tools/bin/../lib/gcc/arm-none-eabi/13.3.1/../../../../arm-none-eabi/lib/thumb/v7e-m+fp/hard\libnosys.a
END GROUP
LOAD C:/ST/STM32CubeIDE_1.15.0/STM32CubeIDE/plugins/com.st.stm32cube.ide.mcu.externaltools.gnu-tools-for-stm32.13.3.rel1.win32_1.0.0.202411081344/tools/bin/../lib/gcc/arm-none-eabi/13.3.1/thumb/v7e-m+fp/hard/crtend.o
LOAD C:/ST/STM32CubeIDE_1.15.0/STM32CubeIDE/plugins/com.st.stm32cube.ide.mcu.externaltools.gnu-tools-for-stm32.13.3.rel1.win32_1.0.0.202411081344/tools/bin/../lib/gcc/arm-none-eabi/13.3.1/thumb/v7e-m+fp/hard/crtn.o
                0x20030000                        _estack = (ORIGIN (RAM) + LENGTH (RAM))
                0x00000200                        _Min_Heap_Size = 0x200
                0x00000400                        _Min_Stack_Size = 0x400

.isr_vector     0x08000000      0x13c
                0x08000000                        . = ALIGN (0x4)
 *(.isr_vector)
 .isr_vector    0x08000000      0x13c ./Core/Startup/startup_stm32wb55cgux.o
                0x08000000                g_pfnVectors
                0x0800013c                        . = ALIGN (0x4)

.text           0x0800013c     0x42ac
                0x0800013c                        . = ALIGN (0x4)
 *(.text)
 .text          0x0800013c       0x40 C:/ST/STM32CubeIDE_1.15.0/STM32CubeIDE/plugins/com.st.stm32cube.ide.mcu.externaltools.gnu-tools-for-stm32.13.3.rel1.win32_1.0.0.202411081344/tools/bin/../lib/gcc/arm-none-eabi/13.3.1/thumb/v7e-m+fp/hard/crtbegin.o
 .text          0x0800017c      0x378 C:/ST/STM32CubeIDE_1.15.0/STM32CubeIDE/plugins/com.st.stm32cube.ide.mcu.externaltools.gnu-tools-for-stm32.13.3.rel1.win32_1.0.0.202411081344/tools/bin/../lib/gcc/arm-none-eabi/13.3.1/thumb/v7e-m+fp/hard\libgcc.a(_arm_addsubdf3.o)
                0x0800017c                __aeabi_drsub
                0x08000184                __aeabi_dsub
                0x08000184                __subdf3
                0x08000188                __aeabi_dadd
                0x08000188                __adddf3
                0x08000400                __floatunsidf
                0x08000400                __aeabi_ui2d
                0x08000420                __floatsidf
                0x08000420                __aeabi_i2d
                0x08000444                __aeabi_f2d
                0x08000444                __extendsfdf2
                0x08000488                __floatundidf
                0x08000488                __aeabi_ul2d
                0x08000498                __floatdidf
                0x08000498                __aeabi_l2d
 .text          0x080004f4      0x424 C:/ST/STM32CubeIDE_1.15.0/STM32CubeIDE/plugins/com.st.stm32cube.ide.mcu.externaltools.gnu-tools-for-stm32.13.3.rel1.win32_1.0.0.202411081344/tools/bin/../lib/gcc/arm-none-eabi/13.3.1/thumb/v7e-m+fp/hard\libgcc.a(_arm_muldivdf3.o)
                0x080004f4                __aeabi_dmul
                0x080004f4                __muldf3
                0x08000748                __divdf3
                0x08000748                __aeabi_ddiv
 .text          0x08000918       0xa0 C:/ST/STM32CubeIDE_1.15.0/STM32CubeIDE/plugins/com.st.stm32cube.ide.mcu.externaltools.gnu-tools-for-stm32.13.3.rel1.win32_1.0.0.202411081344/tools/bin/../lib/gcc/arm-none-eabi/13.3.1/thumb/v7e-m+fp/hard\libgcc.a(_arm_truncdfsf2.o)
                0x08000918                __truncdfsf2
                0x08000918                __aeabi_d2f
 *(.text*)
 .text.TrimRead
                0x080009b8      0x1e4 ./Core/Src/BME280_STM32.o
                0x080009b8                TrimRead
 .text.BME280_Config
                0x08000b9c      0x1b0 ./Core/Src/BME280_STM32.o
                0x08000b9c                BME280_Config
 .text.BMEReadRaw
                0x08000d4c       0xa0 ./Core/Src/BME280_STM32.o
                0x08000d4c                BMEReadRaw
 .text.BME280_compensate_T_int32
                0x08000dec       0x84 ./Core/Src/BME280_STM32.o
                0x08000dec                BME280_compensate_T_int32
 .text.BME280_compensate_P_int32
                0x08000e70      0x160 ./Core/Src/BME280_STM32.o
                0x08000e70                BME280_compensate_P_int32
 .text.bme280_compensate_H_int32
                0x08000fd0       0xd8 ./Core/Src/BME280_STM32.o
                0x08000fd0                bme280_compensate_H_int32
 .text.BME280_Measure
                0x080010a8       0xfc ./Core/Src/BME280_STM32.o
                0x080010a8                BME280_Measure
 .text.LL_AHB2_GRP1_EnableClock
                0x080011a4       0x32 ./Core/Src/main.o
 .text.main     0x080011d6       0x3e ./Core/Src/main.o
                0x080011d6                main
 .text.SystemClock_Config
                0x08001214       0xb8 ./Core/Src/main.o
                0x08001214                SystemClock_Config
 .text.PeriphCommonClock_Config
                0x080012cc       0x3a ./Core/Src/main.o
                0x080012cc                PeriphCommonClock_Config
 *fill*         0x08001306        0x2 
 .text.MX_I2C1_Init
                0x08001308       0x80 ./Core/Src/main.o
 .text.MX_GPIO_Init
                0x08001388       0x14 ./Core/Src/main.o
 .text.Error_Handler
                0x0800139c        0xc ./Core/Src/main.o
                0x0800139c                Error_Handler
 .text.LL_AHB2_GRP1_EnableClock
                0x080013a8       0x32 ./Core/Src/stm32wbxx_hal_msp.o
 .text.LL_APB1_GRP1_EnableClock
                0x080013da       0x32 ./Core/Src/stm32wbxx_hal_msp.o
 .text.HAL_MspInit
                0x0800140c        0xe ./Core/Src/stm32wbxx_hal_msp.o
                0x0800140c                HAL_MspInit
 *fill*         0x0800141a        0x2 
 .text.HAL_I2C_MspInit
                0x0800141c       0x8c ./Core/Src/stm32wbxx_hal_msp.o
                0x0800141c                HAL_I2C_MspInit
 .text.NMI_Handler
                0x080014a8        0x8 ./Core/Src/stm32wbxx_it.o
                0x080014a8                NMI_Handler
 .text.HardFault_Handler
                0x080014b0        0x8 ./Core/Src/stm32wbxx_it.o
                0x080014b0                HardFault_Handler
 .text.MemManage_Handler
                0x080014b8        0x8 ./Core/Src/stm32wbxx_it.o
                0x080014b8                MemManage_Handler
 .text.BusFault_Handler
                0x080014c0        0x8 ./Core/Src/stm32wbxx_it.o
                0x080014c0                BusFault_Handler
 .text.UsageFault_Handler
                0x080014c8        0x8 ./Core/Src/stm32wbxx_it.o
                0x080014c8                UsageFault_Handler
 .text.SVC_Handler
                0x080014d0        0xe ./Core/Src/stm32wbxx_it.o
                0x080014d0                SVC_Handler
 .text.DebugMon_Handler
                0x080014de        0xe ./Core/Src/stm32wbxx_it.o
                0x080014de                DebugMon_Handler
 .text.PendSV_Handler
                0x080014ec        0xe ./Core/Src/stm32wbxx_it.o
                0x080014ec                PendSV_Handler
 .text.SysTick_Handler
                0x080014fa        0xc ./Core/Src/stm32wbxx_it.o
                0x080014fa                SysTick_Handler
 *fill*         0x08001506        0x2 
 .text.SystemInit
                0x08001508       0xa4 ./Core/Src/system_stm32wbxx.o
                0x08001508                SystemInit
 .text.data_initializers
                0x080015ac       0x18 ./Core/Startup/startup_stm32wb55cgux.o
 .text.Reset_Handler
                0x080015c4       0x58 ./Core/Startup/startup_stm32wb55cgux.o
                0x080015c4                Reset_Handler
 .text.Default_Handler
                0x0800161c        0x2 ./Core/Startup/startup_stm32wb55cgux.o
                0x0800161c                RTC_Alarm_IRQHandler
                0x0800161c                EXTI2_IRQHandler
                0x0800161c                TIM1_CC_IRQHandler
                0x0800161c                TSC_IRQHandler
                0x0800161c                USB_HP_IRQHandler
                0x0800161c                EXTI3_IRQHandler
                0x0800161c                LPTIM2_IRQHandler
                0x0800161c                I2C3_ER_IRQHandler
                0x0800161c                EXTI0_IRQHandler
                0x0800161c                FPU_IRQHandler
                0x0800161c                TIM1_UP_TIM16_IRQHandler
                0x0800161c                AES1_IRQHandler
                0x0800161c                SPI1_IRQHandler
                0x0800161c                PWR_SOTF_BLEACT_802ACT_RFPHASE_IRQHandler
                0x0800161c                DMA2_Channel2_IRQHandler
                0x0800161c                DMA1_Channel4_IRQHandler
                0x0800161c                ADC1_IRQHandler
                0x0800161c                PKA_IRQHandler
                0x0800161c                DMA1_Channel7_IRQHandler
                0x0800161c                LCD_IRQHandler
                0x0800161c                IPCC_C1_TX_IRQHandler
                0x0800161c                DMA2_Channel1_IRQHandler
                0x0800161c                QUADSPI_IRQHandler
                0x0800161c                I2C1_EV_IRQHandler
                0x0800161c                DMAMUX1_OVR_IRQHandler
                0x0800161c                DMA1_Channel6_IRQHandler
                0x0800161c                DMA2_Channel4_IRQHandler
                0x0800161c                RCC_IRQHandler
                0x0800161c                DMA1_Channel1_IRQHandler
                0x0800161c                Default_Handler
                0x0800161c                DMA2_Channel7_IRQHandler
                0x0800161c                EXTI15_10_IRQHandler
                0x0800161c                IPCC_C1_RX_IRQHandler
                0x0800161c                C2SEV_PWR_C2H_IRQHandler
                0x0800161c                AES2_IRQHandler
                0x0800161c                I2C3_EV_IRQHandler
                0x0800161c                EXTI9_5_IRQHandler
                0x0800161c                RTC_WKUP_IRQHandler
                0x0800161c                PVD_PVM_IRQHandler
                0x0800161c                SPI2_IRQHandler
                0x0800161c                DMA2_Channel5_IRQHandler
                0x0800161c                CRS_IRQHandler
                0x0800161c                DMA1_Channel5_IRQHandler
                0x0800161c                USB_LP_IRQHandler
                0x0800161c                EXTI4_IRQHandler
                0x0800161c                RNG_IRQHandler
                0x0800161c                TIM1_TRG_COM_TIM17_IRQHandler
                0x0800161c                TAMP_STAMP_LSECSS_IRQHandler
                0x0800161c                DMA1_Channel3_IRQHandler
                0x0800161c                COMP_IRQHandler
                0x0800161c                HSEM_IRQHandler
                0x0800161c                WWDG_IRQHandler
                0x0800161c                LPUART1_IRQHandler
                0x0800161c                DMA2_Channel6_IRQHandler
                0x0800161c                TIM2_IRQHandler
                0x0800161c                TIM1_BRK_IRQHandler
                0x0800161c                EXTI1_IRQHandler
                0x0800161c                DMA1_Channel2_IRQHandler
                0x0800161c                FLASH_IRQHandler
                0x0800161c                USART1_IRQHandler
                0x0800161c                I2C1_ER_IRQHandler
                0x0800161c                LPTIM1_IRQHandler
                0x0800161c                SAI1_IRQHandler
                0x0800161c                DMA2_Channel3_IRQHandler
 *fill*         0x0800161e        0x2 
 .text.HAL_Init
                0x08001620       0x40 ./Drivers/STM32WBxx_HAL_Driver/Src/stm32wbxx_hal.o
                0x08001620                HAL_Init
 .text.HAL_InitTick
                0x08001660       0x74 ./Drivers/STM32WBxx_HAL_Driver/Src/stm32wbxx_hal.o
                0x08001660                HAL_InitTick
 .text.HAL_IncTick
                0x080016d4       0x28 ./Drivers/STM32WBxx_HAL_Driver/Src/stm32wbxx_hal.o
                0x080016d4                HAL_IncTick
 .text.HAL_GetTick
                0x080016fc       0x18 ./Drivers/STM32WBxx_HAL_Driver/Src/stm32wbxx_hal.o
                0x080016fc                HAL_GetTick
 .text.HAL_GetTickPrio
                0x08001714       0x18 ./Drivers/STM32WBxx_HAL_Driver/Src/stm32wbxx_hal.o
                0x08001714                HAL_GetTickPrio
 .text.HAL_Delay
                0x0800172c       0x48 ./Drivers/STM32WBxx_HAL_Driver/Src/stm32wbxx_hal.o
                0x0800172c                HAL_Delay
 .text.__NVIC_SetPriorityGrouping
                0x08001774       0x48 ./Drivers/STM32WBxx_HAL_Driver/Src/stm32wbxx_hal_cortex.o
 .text.__NVIC_GetPriorityGrouping
                0x080017bc       0x1c ./Drivers/STM32WBxx_HAL_Driver/Src/stm32wbxx_hal_cortex.o
 .text.__NVIC_SetPriority
                0x080017d8       0x54 ./Drivers/STM32WBxx_HAL_Driver/Src/stm32wbxx_hal_cortex.o
 .text.NVIC_EncodePriority
                0x0800182c       0x66 ./Drivers/STM32WBxx_HAL_Driver/Src/stm32wbxx_hal_cortex.o
 *fill*         0x08001892        0x2 
 .text.SysTick_Config
                0x08001894       0x44 ./Drivers/STM32WBxx_HAL_Driver/Src/stm32wbxx_hal_cortex.o
 .text.HAL_NVIC_SetPriorityGrouping
                0x080018d8       0x16 ./Drivers/STM32WBxx_HAL_Driver/Src/stm32wbxx_hal_cortex.o
                0x080018d8                HAL_NVIC_SetPriorityGrouping
 .text.HAL_NVIC_SetPriority
                0x080018ee       0x34 ./Drivers/STM32WBxx_HAL_Driver/Src/stm32wbxx_hal_cortex.o
                0x080018ee                HAL_NVIC_SetPriority
 .text.HAL_SYSTICK_Config
                0x08001922       0x18 ./Drivers/STM32WBxx_HAL_Driver/Src/stm32wbxx_hal_cortex.o
                0x08001922                HAL_SYSTICK_Config
 *fill*         0x0800193a        0x2 
 .text.HAL_GPIO_Init
                0x0800193c      0x2e0 ./Drivers/STM32WBxx_HAL_Driver/Src/stm32wbxx_hal_gpio.o
                0x0800193c                HAL_GPIO_Init
 .text.HAL_I2C_Init
                0x08001c1c      0x136 ./Drivers/STM32WBxx_HAL_Driver/Src/stm32wbxx_hal_i2c.o
                0x08001c1c                HAL_I2C_Init
 *fill*         0x08001d52        0x2 
 .text.HAL_I2C_Mem_Write
                0x08001d54      0x228 ./Drivers/STM32WBxx_HAL_Driver/Src/stm32wbxx_hal_i2c.o
                0x08001d54                HAL_I2C_Mem_Write
 .text.HAL_I2C_Mem_Read
                0x08001f7c      0x234 ./Drivers/STM32WBxx_HAL_Driver/Src/stm32wbxx_hal_i2c.o
                0x08001f7c                HAL_I2C_Mem_Read
 .text.I2C_RequestMemoryWrite
                0x080021b0       0xa8 ./Drivers/STM32WBxx_HAL_Driver/Src/stm32wbxx_hal_i2c.o
 .text.I2C_RequestMemoryRead
                0x08002258       0xa8 ./Drivers/STM32WBxx_HAL_Driver/Src/stm32wbxx_hal_i2c.o
 .text.I2C_Flush_TXDR
                0x08002300       0x48 ./Drivers/STM32WBxx_HAL_Driver/Src/stm32wbxx_hal_i2c.o
 .text.I2C_WaitOnFlagUntilTimeout
                0x08002348       0xb2 ./Drivers/STM32WBxx_HAL_Driver/Src/stm32wbxx_hal_i2c.o
 .text.I2C_WaitOnTXISFlagUntilTimeout
                0x080023fa       0x8e ./Drivers/STM32WBxx_HAL_Driver/Src/stm32wbxx_hal_i2c.o
 .text.I2C_WaitOnSTOPFlagUntilTimeout
                0x08002488       0x86 ./Drivers/STM32WBxx_HAL_Driver/Src/stm32wbxx_hal_i2c.o
 *fill*         0x0800250e        0x2 
 .text.I2C_IsErrorOccurred
                0x08002510      0x1c0 ./Drivers/STM32WBxx_HAL_Driver/Src/stm32wbxx_hal_i2c.o
 .text.I2C_TransferConfig
                0x080026d0       0x64 ./Drivers/STM32WBxx_HAL_Driver/Src/stm32wbxx_hal_i2c.o
 .text.HAL_I2CEx_ConfigAnalogFilter
                0x08002734       0x96 ./Drivers/STM32WBxx_HAL_Driver/Src/stm32wbxx_hal_i2c_ex.o
                0x08002734                HAL_I2CEx_ConfigAnalogFilter
 .text.HAL_I2CEx_ConfigDigitalFilter
                0x080027ca       0x98 ./Drivers/STM32WBxx_HAL_Driver/Src/stm32wbxx_hal_i2c_ex.o
                0x080027ca                HAL_I2CEx_ConfigDigitalFilter
 *fill*         0x08002862        0x2 
 .text.HAL_PWR_EnableBkUpAccess
                0x08002864       0x20 ./Drivers/STM32WBxx_HAL_Driver/Src/stm32wbxx_hal_pwr.o
                0x08002864                HAL_PWR_EnableBkUpAccess
 .text.HAL_PWREx_GetVoltageRange
                0x08002884       0x1c ./Drivers/STM32WBxx_HAL_Driver/Src/stm32wbxx_hal_pwr_ex.o
                0x08002884                HAL_PWREx_GetVoltageRange
 .text.LL_RCC_HSE_IsEnabledDiv2
                0x080028a0       0x24 ./Drivers/STM32WBxx_HAL_Driver/Src/stm32wbxx_hal_rcc.o
 .text.LL_RCC_HSE_Enable
                0x080028c4       0x1e ./Drivers/STM32WBxx_HAL_Driver/Src/stm32wbxx_hal_rcc.o
 .text.LL_RCC_HSE_Disable
                0x080028e2       0x1e ./Drivers/STM32WBxx_HAL_Driver/Src/stm32wbxx_hal_rcc.o
 .text.LL_RCC_HSE_IsReady
                0x08002900       0x24 ./Drivers/STM32WBxx_HAL_Driver/Src/stm32wbxx_hal_rcc.o
 .text.LL_RCC_HSI_Enable
                0x08002924       0x1e ./Drivers/STM32WBxx_HAL_Driver/Src/stm32wbxx_hal_rcc.o
 .text.LL_RCC_HSI_Disable
                0x08002942       0x1e ./Drivers/STM32WBxx_HAL_Driver/Src/stm32wbxx_hal_rcc.o
 .text.LL_RCC_HSI_IsReady
                0x08002960       0x24 ./Drivers/STM32WBxx_HAL_Driver/Src/stm32wbxx_hal_rcc.o
 .text.LL_RCC_HSI_SetCalibTrimming
                0x08002984       0x2a ./Drivers/STM32WBxx_HAL_Driver/Src/stm32wbxx_hal_rcc.o
 .text.LL_RCC_HSI48_Enable
                0x080029ae       0x22 ./Drivers/STM32WBxx_HAL_Driver/Src/stm32wbxx_hal_rcc.o
 .text.LL_RCC_HSI48_Disable
                0x080029d0       0x22 ./Drivers/STM32WBxx_HAL_Driver/Src/stm32wbxx_hal_rcc.o
 .text.LL_RCC_HSI48_IsReady
                0x080029f2       0x24 ./Drivers/STM32WBxx_HAL_Driver/Src/stm32wbxx_hal_rcc.o
 .text.LL_RCC_LSE_Enable
                0x08002a16       0x22 ./Drivers/STM32WBxx_HAL_Driver/Src/stm32wbxx_hal_rcc.o
 .text.LL_RCC_LSE_Disable
                0x08002a38       0x22 ./Drivers/STM32WBxx_HAL_Driver/Src/stm32wbxx_hal_rcc.o
 .text.LL_RCC_LSE_EnableBypass
                0x08002a5a       0x22 ./Drivers/STM32WBxx_HAL_Driver/Src/stm32wbxx_hal_rcc.o
 .text.LL_RCC_LSE_DisableBypass
                0x08002a7c       0x22 ./Drivers/STM32WBxx_HAL_Driver/Src/stm32wbxx_hal_rcc.o
 .text.LL_RCC_LSE_IsReady
                0x08002a9e       0x24 ./Drivers/STM32WBxx_HAL_Driver/Src/stm32wbxx_hal_rcc.o
 .text.LL_RCC_LSI1_Enable
                0x08002ac2       0x22 ./Drivers/STM32WBxx_HAL_Driver/Src/stm32wbxx_hal_rcc.o
 .text.LL_RCC_LSI1_Disable
                0x08002ae4       0x22 ./Drivers/STM32WBxx_HAL_Driver/Src/stm32wbxx_hal_rcc.o
 .text.LL_RCC_LSI1_IsReady
                0x08002b06       0x24 ./Drivers/STM32WBxx_HAL_Driver/Src/stm32wbxx_hal_rcc.o
 .text.LL_RCC_LSI2_Enable
                0x08002b2a       0x22 ./Drivers/STM32WBxx_HAL_Driver/Src/stm32wbxx_hal_rcc.o
 .text.LL_RCC_LSI2_Disable
                0x08002b4c       0x22 ./Drivers/STM32WBxx_HAL_Driver/Src/stm32wbxx_hal_rcc.o
 .text.LL_RCC_LSI2_IsReady
                0x08002b6e       0x24 ./Drivers/STM32WBxx_HAL_Driver/Src/stm32wbxx_hal_rcc.o
 .text.LL_RCC_LSI2_SetTrimming
                0x08002b92       0x2e ./Drivers/STM32WBxx_HAL_Driver/Src/stm32wbxx_hal_rcc.o
 .text.LL_RCC_MSI_Enable
                0x08002bc0       0x1e ./Drivers/STM32WBxx_HAL_Driver/Src/stm32wbxx_hal_rcc.o
 .text.LL_RCC_MSI_Disable
                0x08002bde       0x1e ./Drivers/STM32WBxx_HAL_Driver/Src/stm32wbxx_hal_rcc.o
 .text.LL_RCC_MSI_IsReady
                0x08002bfc       0x22 ./Drivers/STM32WBxx_HAL_Driver/Src/stm32wbxx_hal_rcc.o
 .text.LL_RCC_MSI_SetRange
                0x08002c1e       0x28 ./Drivers/STM32WBxx_HAL_Driver/Src/stm32wbxx_hal_rcc.o
 .text.LL_RCC_MSI_GetRange
                0x08002c46       0x2a ./Drivers/STM32WBxx_HAL_Driver/Src/stm32wbxx_hal_rcc.o
 .text.LL_RCC_MSI_SetCalibTrimming
                0x08002c70       0x2a ./Drivers/STM32WBxx_HAL_Driver/Src/stm32wbxx_hal_rcc.o
 .text.LL_RCC_SetSysClkSource
                0x08002c9a       0x28 ./Drivers/STM32WBxx_HAL_Driver/Src/stm32wbxx_hal_rcc.o
 .text.LL_RCC_GetSysClkSource
                0x08002cc2       0x18 ./Drivers/STM32WBxx_HAL_Driver/Src/stm32wbxx_hal_rcc.o
 .text.LL_RCC_SetAHBPrescaler
                0x08002cda       0x28 ./Drivers/STM32WBxx_HAL_Driver/Src/stm32wbxx_hal_rcc.o
 .text.LL_C2_RCC_SetAHBPrescaler
                0x08002d02       0x2c ./Drivers/STM32WBxx_HAL_Driver/Src/stm32wbxx_hal_rcc.o
 .text.LL_RCC_SetAHB4Prescaler
                0x08002d2e       0x2e ./Drivers/STM32WBxx_HAL_Driver/Src/stm32wbxx_hal_rcc.o
 .text.LL_RCC_SetAPB1Prescaler
                0x08002d5c       0x28 ./Drivers/STM32WBxx_HAL_Driver/Src/stm32wbxx_hal_rcc.o
 .text.LL_RCC_SetAPB2Prescaler
                0x08002d84       0x28 ./Drivers/STM32WBxx_HAL_Driver/Src/stm32wbxx_hal_rcc.o
 .text.LL_RCC_GetAHBPrescaler
                0x08002dac       0x18 ./Drivers/STM32WBxx_HAL_Driver/Src/stm32wbxx_hal_rcc.o
 .text.LL_RCC_GetAHB4Prescaler
                0x08002dc4       0x1c ./Drivers/STM32WBxx_HAL_Driver/Src/stm32wbxx_hal_rcc.o
 .text.LL_RCC_PLL_Enable
                0x08002de0       0x1e ./Drivers/STM32WBxx_HAL_Driver/Src/stm32wbxx_hal_rcc.o
 .text.LL_RCC_PLL_Disable
                0x08002dfe       0x1e ./Drivers/STM32WBxx_HAL_Driver/Src/stm32wbxx_hal_rcc.o
 .text.LL_RCC_PLL_IsReady
                0x08002e1c       0x24 ./Drivers/STM32WBxx_HAL_Driver/Src/stm32wbxx_hal_rcc.o
 .text.LL_RCC_PLL_GetN
                0x08002e40       0x1a ./Drivers/STM32WBxx_HAL_Driver/Src/stm32wbxx_hal_rcc.o
 .text.LL_RCC_PLL_GetR
                0x08002e5a       0x18 ./Drivers/STM32WBxx_HAL_Driver/Src/stm32wbxx_hal_rcc.o
 .text.LL_RCC_PLL_GetDivider
                0x08002e72       0x18 ./Drivers/STM32WBxx_HAL_Driver/Src/stm32wbxx_hal_rcc.o
 .text.LL_RCC_PLL_GetMainSource
                0x08002e8a       0x18 ./Drivers/STM32WBxx_HAL_Driver/Src/stm32wbxx_hal_rcc.o
 .text.LL_RCC_IsActiveFlag_HPRE
                0x08002ea2       0x24 ./Drivers/STM32WBxx_HAL_Driver/Src/stm32wbxx_hal_rcc.o
 .text.LL_RCC_IsActiveFlag_C2HPRE
                0x08002ec6       0x26 ./Drivers/STM32WBxx_HAL_Driver/Src/stm32wbxx_hal_rcc.o
 .text.LL_RCC_IsActiveFlag_SHDHPRE
                0x08002eec       0x26 ./Drivers/STM32WBxx_HAL_Driver/Src/stm32wbxx_hal_rcc.o
 .text.LL_RCC_IsActiveFlag_PPRE1
                0x08002f12       0x24 ./Drivers/STM32WBxx_HAL_Driver/Src/stm32wbxx_hal_rcc.o
 .text.LL_RCC_IsActiveFlag_PPRE2
                0x08002f36       0x24 ./Drivers/STM32WBxx_HAL_Driver/Src/stm32wbxx_hal_rcc.o
 *fill*         0x08002f5a        0x2 
 .text.HAL_RCC_OscConfig
                0x08002f5c      0x6e8 ./Drivers/STM32WBxx_HAL_Driver/Src/stm32wbxx_hal_rcc.o
                0x08002f5c                HAL_RCC_OscConfig
 .text.HAL_RCC_ClockConfig
                0x08003644      0x280 ./Drivers/STM32WBxx_HAL_Driver/Src/stm32wbxx_hal_rcc.o
                0x08003644                HAL_RCC_ClockConfig
 .text.HAL_RCC_GetSysClockFreq
                0x080038c4       0xdc ./Drivers/STM32WBxx_HAL_Driver/Src/stm32wbxx_hal_rcc.o
                0x080038c4                HAL_RCC_GetSysClockFreq
 .text.HAL_RCC_GetHCLKFreq
                0x080039a0       0x28 ./Drivers/STM32WBxx_HAL_Driver/Src/stm32wbxx_hal_rcc.o
                0x080039a0                HAL_RCC_GetHCLKFreq
 .text.RCC_SetFlashLatencyFromMSIRange
                0x080039c8       0x70 ./Drivers/STM32WBxx_HAL_Driver/Src/stm32wbxx_hal_rcc.o
 .text.RCC_SetFlashLatency
                0x08003a38       0xf8 ./Drivers/STM32WBxx_HAL_Driver/Src/stm32wbxx_hal_rcc.o
 .text.LL_RCC_LSE_IsEnabled
                0x08003b30       0x24 ./Drivers/STM32WBxx_HAL_Driver/Src/stm32wbxx_hal_rcc_ex.o
 .text.LL_RCC_LSE_IsReady
                0x08003b54       0x24 ./Drivers/STM32WBxx_HAL_Driver/Src/stm32wbxx_hal_rcc_ex.o
 .text.LL_RCC_SetRFWKPClockSource
                0x08003b78       0x2c ./Drivers/STM32WBxx_HAL_Driver/Src/stm32wbxx_hal_rcc_ex.o
 .text.LL_RCC_SetSMPSClockSource
                0x08003ba4       0x28 ./Drivers/STM32WBxx_HAL_Driver/Src/stm32wbxx_hal_rcc_ex.o
 .text.LL_RCC_SetSMPSPrescaler
                0x08003bcc       0x28 ./Drivers/STM32WBxx_HAL_Driver/Src/stm32wbxx_hal_rcc_ex.o
 .text.LL_RCC_SetUSARTClockSource
                0x08003bf4       0x2c ./Drivers/STM32WBxx_HAL_Driver/Src/stm32wbxx_hal_rcc_ex.o
 .text.LL_RCC_SetLPUARTClockSource
                0x08003c20       0x2c ./Drivers/STM32WBxx_HAL_Driver/Src/stm32wbxx_hal_rcc_ex.o
 .text.LL_RCC_SetI2CClockSource
                0x08003c4c       0x3a ./Drivers/STM32WBxx_HAL_Driver/Src/stm32wbxx_hal_rcc_ex.o
 .text.LL_RCC_SetLPTIMClockSource
                0x08003c86       0x34 ./Drivers/STM32WBxx_HAL_Driver/Src/stm32wbxx_hal_rcc_ex.o
 .text.LL_RCC_SetSAIClockSource
                0x08003cba       0x2c ./Drivers/STM32WBxx_HAL_Driver/Src/stm32wbxx_hal_rcc_ex.o
 .text.LL_RCC_SetRNGClockSource
                0x08003ce6       0x2c ./Drivers/STM32WBxx_HAL_Driver/Src/stm32wbxx_hal_rcc_ex.o
 .text.LL_RCC_SetCLK48ClockSource
                0x08003d12       0x2c ./Drivers/STM32WBxx_HAL_Driver/Src/stm32wbxx_hal_rcc_ex.o
 .text.LL_RCC_SetUSBClockSource
                0x08003d3e       0x16 ./Drivers/STM32WBxx_HAL_Driver/Src/stm32wbxx_hal_rcc_ex.o
 .text.LL_RCC_SetADCClockSource
                0x08003d54       0x2c ./Drivers/STM32WBxx_HAL_Driver/Src/stm32wbxx_hal_rcc_ex.o
 .text.LL_RCC_SetRTCClockSource
                0x08003d80       0x2c ./Drivers/STM32WBxx_HAL_Driver/Src/stm32wbxx_hal_rcc_ex.o
 .text.LL_RCC_GetRTCClockSource
                0x08003dac       0x1a ./Drivers/STM32WBxx_HAL_Driver/Src/stm32wbxx_hal_rcc_ex.o
 .text.LL_RCC_ForceBackupDomainReset
                0x08003dc6       0x22 ./Drivers/STM32WBxx_HAL_Driver/Src/stm32wbxx_hal_rcc_ex.o
 .text.LL_RCC_ReleaseBackupDomainReset
                0x08003de8       0x22 ./Drivers/STM32WBxx_HAL_Driver/Src/stm32wbxx_hal_rcc_ex.o
 .text.LL_RCC_PLLSAI1_Enable
                0x08003e0a       0x1e ./Drivers/STM32WBxx_HAL_Driver/Src/stm32wbxx_hal_rcc_ex.o
 .text.LL_RCC_PLLSAI1_Disable
                0x08003e28       0x1e ./Drivers/STM32WBxx_HAL_Driver/Src/stm32wbxx_hal_rcc_ex.o
 .text.LL_RCC_PLLSAI1_IsReady
                0x08003e46       0x24 ./Drivers/STM32WBxx_HAL_Driver/Src/stm32wbxx_hal_rcc_ex.o
 .text.HAL_RCCEx_PeriphCLKConfig
                0x08003e6a      0x2ec ./Drivers/STM32WBxx_HAL_Driver/Src/stm32wbxx_hal_rcc_ex.o
                0x08003e6a                HAL_RCCEx_PeriphCLKConfig
 .text.RCCEx_PLLSAI1_ConfigNP
                0x08004156       0xb6 ./Drivers/STM32WBxx_HAL_Driver/Src/stm32wbxx_hal_rcc_ex.o
 .text.RCCEx_PLLSAI1_ConfigNQ
                0x0800420c       0xb6 ./Drivers/STM32WBxx_HAL_Driver/Src/stm32wbxx_hal_rcc_ex.o
 .text.RCCEx_PLLSAI1_ConfigNR
                0x080042c2       0xb6 ./Drivers/STM32WBxx_HAL_Driver/Src/stm32wbxx_hal_rcc_ex.o
 .text.memset   0x08004378       0x10 C:/ST/STM32CubeIDE_1.15.0/STM32CubeIDE/plugins/com.st.stm32cube.ide.mcu.externaltools.gnu-tools-for-stm32.13.3.rel1.win32_1.0.0.202411081344/tools/bin/../lib/gcc/arm-none-eabi/13.3.1/../../../../arm-none-eabi/lib/thumb/v7e-m+fp/hard\libc_nano.a(libc_a-memset.o)
                0x08004378                memset
 .text.__libc_init_array
                0x08004388       0x48 C:/ST/STM32CubeIDE_1.15.0/STM32CubeIDE/plugins/com.st.stm32cube.ide.mcu.externaltools.gnu-tools-for-stm32.13.3.rel1.win32_1.0.0.202411081344/tools/bin/../lib/gcc/arm-none-eabi/13.3.1/../../../../arm-none-eabi/lib/thumb/v7e-m+fp/hard\libc_nano.a(libc_a-init.o)
                0x08004388                __libc_init_array
 *(.glue_7)
 .glue_7        0x080043d0        0x0 linker stubs
 *(.glue_7t)
 .glue_7t       0x080043d0        0x0 linker stubs
 *(.eh_frame)
 .eh_frame      0x080043d0        0x0 C:/ST/STM32CubeIDE_1.15.0/STM32CubeIDE/plugins/com.st.stm32cube.ide.mcu.externaltools.gnu-tools-for-stm32.13.3.rel1.win32_1.0.0.202411081344/tools/bin/../lib/gcc/arm-none-eabi/13.3.1/thumb/v7e-m+fp/hard/crtbegin.o
 *(.init)
 .init          0x080043d0        0x4 C:/ST/STM32CubeIDE_1.15.0/STM32CubeIDE/plugins/com.st.stm32cube.ide.mcu.externaltools.gnu-tools-for-stm32.13.3.rel1.win32_1.0.0.202411081344/tools/bin/../lib/gcc/arm-none-eabi/13.3.1/thumb/v7e-m+fp/hard/crti.o
                0x080043d0                _init
 .init          0x080043d4        0x8 C:/ST/STM32CubeIDE_1.15.0/STM32CubeIDE/plugins/com.st.stm32cube.ide.mcu.externaltools.gnu-tools-for-stm32.13.3.rel1.win32_1.0.0.202411081344/tools/bin/../lib/gcc/arm-none-eabi/13.3.1/thumb/v7e-m+fp/hard/crtn.o
 *(.fini)
 .fini          0x080043dc        0x4 C:/ST/STM32CubeIDE_1.15.0/STM32CubeIDE/plugins/com.st.stm32cube.ide.mcu.externaltools.gnu-tools-for-stm32.13.3.rel1.win32_1.0.0.202411081344/tools/bin/../lib/gcc/arm-none-eabi/13.3.1/thumb/v7e-m+fp/hard/crti.o
                0x080043dc                _fini
 .fini          0x080043e0        0x8 C:/ST/STM32CubeIDE_1.15.0/STM32CubeIDE/plugins/com.st.stm32cube.ide.mcu.externaltools.gnu-tools-for-stm32.13.3.rel1.win32_1.0.0.202411081344/tools/bin/../lib/gcc/arm-none-eabi/13.3.1/thumb/v7e-m+fp/hard/crtn.o
                0x080043e8                        . = ALIGN (0x4)
                0x080043e8                        _etext = .

.vfp11_veneer   0x080043e8        0x0
 .vfp11_veneer  0x080043e8        0x0 linker stubs

.v4_bx          0x080043e8        0x0
 .v4_bx         0x080043e8        0x0 linker stubs

.iplt           0x080043e8        0x0
 .iplt          0x080043e8        0x0 C:/ST/STM32CubeIDE_1.15.0/STM32CubeIDE/plugins/com.st.stm32cube.ide.mcu.externaltools.gnu-tools-for-stm32.13.3.rel1.win32_1.0.0.202411081344/tools/bin/../lib/gcc/arm-none-eabi/13.3.1/thumb/v7e-m+fp/hard/crtbegin.o

.rodata         0x080043e8       0xac
                0x080043e8                        . = ALIGN (0x4)
 *(.rodata)
 .rodata        0x080043e8       0x2c ./Drivers/STM32WBxx_HAL_Driver/Src/stm32wbxx_hal_rcc.o
 *(.rodata*)
 .rodata.AHBPrescTable
                0x08004414       0x40 ./Core/Src/system_stm32wbxx.o
                0x08004414                AHBPrescTable
 .rodata.MSIRangeTable
                0x08004454       0x40 ./Core/Src/system_stm32wbxx.o
                0x08004454                MSIRangeTable
                0x08004494                        . = ALIGN (0x4)

.ARM.extab
 *(.ARM.extab* .gnu.linkonce.armextab.*)

.ARM            0x08004494        0x0
                0x08004494                        __exidx_start = .
 *(.ARM.exidx*)
                0x08004494                        __exidx_end = .

.preinit_array  0x08004494        0x0
                0x08004494                        PROVIDE (__preinit_array_start = .)
 *(.preinit_array*)
                0x08004494                        PROVIDE (__preinit_array_end = .)

.init_array     0x08004494        0x4
                0x08004494                        PROVIDE (__init_array_start = .)
 *(SORT_BY_NAME(.init_array.*))
 *(.init_array*)
 .init_array    0x08004494        0x4 C:/ST/STM32CubeIDE_1.15.0/STM32CubeIDE/plugins/com.st.stm32cube.ide.mcu.externaltools.gnu-tools-for-stm32.13.3.rel1.win32_1.0.0.202411081344/tools/bin/../lib/gcc/arm-none-eabi/13.3.1/thumb/v7e-m+fp/hard/crtbegin.o
                0x08004498                        PROVIDE (__init_array_end = .)

.fini_array     0x08004498        0x4
                [!provide]                        PROVIDE (__fini_array_start = .)
 *(SORT_BY_NAME(.fini_array.*))
 *(.fini_array*)
 .fini_array    0x08004498        0x4 C:/ST/STM32CubeIDE_1.15.0/STM32CubeIDE/plugins/com.st.stm32cube.ide.mcu.externaltools.gnu-tools-for-stm32.13.3.rel1.win32_1.0.0.202411081344/tools/bin/../lib/gcc/arm-none-eabi/13.3.1/thumb/v7e-m+fp/hard/crtbegin.o
                [!provide]                        PROVIDE (__fini_array_end = .)
                0x0800449c                        _sidata = LOADADDR (.data)

.rel.dyn        0x0800449c        0x0
 .rel.iplt      0x0800449c        0x0 C:/ST/STM32CubeIDE_1.15.0/STM32CubeIDE/plugins/com.st.stm32cube.ide.mcu.externaltools.gnu-tools-for-stm32.13.3.rel1.win32_1.0.0.202411081344/tools/bin/../lib/gcc/arm-none-eabi/13.3.1/thumb/v7e-m+fp/hard/crtbegin.o

.data           0x20000008        0xc load address 0x0800449c
                0x20000008                        . = ALIGN (0x4)
                0x20000008                        _sdata = .
 *(.data)
 *(.data*)
 .data.SystemCoreClock
                0x20000008        0x4 ./Core/Src/system_stm32wbxx.o
                0x20000008                SystemCoreClock
 .data.uwTickPrio
                0x2000000c        0x4 ./Drivers/STM32WBxx_HAL_Driver/Src/stm32wbxx_hal.o
                0x2000000c                uwTickPrio
 .data.uwTickFreq
                0x20000010        0x1 ./Drivers/STM32WBxx_HAL_Driver/Src/stm32wbxx_hal.o
                0x20000010                uwTickFreq
 *(.RamFunc)
 *(.RamFunc*)
                0x20000014                        . = ALIGN (0x4)
 *fill*         0x20000011        0x3 
                0x20000014                        _edata = .

.igot.plt       0x20000014        0x0 load address 0x080044a8
 .igot.plt      0x20000014        0x0 C:/ST/STM32CubeIDE_1.15.0/STM32CubeIDE/plugins/com.st.stm32cube.ide.mcu.externaltools.gnu-tools-for-stm32.13.3.rel1.win32_1.0.0.202411081344/tools/bin/../lib/gcc/arm-none-eabi/13.3.1/thumb/v7e-m+fp/hard/crtbegin.o
                0x20000014                        . = ALIGN (0x4)

.bss            0x20000014       0xb8 load address 0x080044a8
                0x20000014                        _sbss = .
                0x20000014                        __bss_start__ = _sbss
 *(.bss)
 .bss           0x20000014       0x1c C:/ST/STM32CubeIDE_1.15.0/STM32CubeIDE/plugins/com.st.stm32cube.ide.mcu.externaltools.gnu-tools-for-stm32.13.3.rel1.win32_1.0.0.202411081344/tools/bin/../lib/gcc/arm-none-eabi/13.3.1/thumb/v7e-m+fp/hard/crtbegin.o
 *(.bss*)
 .bss.chipID    0x20000030        0x1 ./Core/Src/BME280_STM32.o
                0x20000030                chipID
 *fill*         0x20000031        0x3 
 .bss.tRaw      0x20000034        0x4 ./Core/Src/BME280_STM32.o
                0x20000034                tRaw
 .bss.pRaw      0x20000038        0x4 ./Core/Src/BME280_STM32.o
                0x20000038                pRaw
 .bss.hRaw      0x2000003c        0x4 ./Core/Src/BME280_STM32.o
                0x2000003c                hRaw
 .bss.dig_T1    0x20000040        0x2 ./Core/Src/BME280_STM32.o
                0x20000040                dig_T1
 .bss.dig_P1    0x20000042        0x2 ./Core/Src/BME280_STM32.o
                0x20000042                dig_P1
 .bss.dig_H1    0x20000044        0x2 ./Core/Src/BME280_STM32.o
                0x20000044                dig_H1
 .bss.dig_H3    0x20000046        0x2 ./Core/Src/BME280_STM32.o
                0x20000046                dig_H3
 .bss.dig_T2    0x20000048        0x2 ./Core/Src/BME280_STM32.o
                0x20000048                dig_T2
 .bss.dig_T3    0x2000004a        0x2 ./Core/Src/BME280_STM32.o
                0x2000004a                dig_T3
 .bss.dig_P2    0x2000004c        0x2 ./Core/Src/BME280_STM32.o
                0x2000004c                dig_P2
 .bss.dig_P3    0x2000004e        0x2 ./Core/Src/BME280_STM32.o
                0x2000004e                dig_P3
 .bss.dig_P4    0x20000050        0x2 ./Core/Src/BME280_STM32.o
                0x20000050                dig_P4
 .bss.dig_P5    0x20000052        0x2 ./Core/Src/BME280_STM32.o
                0x20000052                dig_P5
 .bss.dig_P6    0x20000054        0x2 ./Core/Src/BME280_STM32.o
                0x20000054                dig_P6
 .bss.dig_P7    0x20000056        0x2 ./Core/Src/BME280_STM32.o
                0x20000056                dig_P7
 .bss.dig_P8    0x20000058        0x2 ./Core/Src/BME280_STM32.o
                0x20000058                dig_P8
 .bss.dig_P9    0x2000005a        0x2 ./Core/Src/BME280_STM32.o
                0x2000005a                dig_P9
 .bss.dig_H2    0x2000005c        0x2 ./Core/Src/BME280_STM32.o
                0x2000005c                dig_H2
 .bss.dig_H4    0x2000005e        0x2 ./Core/Src/BME280_STM32.o
                0x2000005e                dig_H4
 .bss.dig_H5    0x20000060        0x2 ./Core/Src/BME280_STM32.o
                0x20000060                dig_H5
 .bss.dig_H6    0x20000062        0x2 ./Core/Src/BME280_STM32.o
                0x20000062                dig_H6
 .bss.t_fine    0x20000064        0x4 ./Core/Src/BME280_STM32.o
                0x20000064                t_fine
 .bss.hi2c1     0x20000068       0x54 ./Core/Src/main.o
                0x20000068                hi2c1
 .bss.Temperature
                0x200000bc        0x4 ./Core/Src/main.o
                0x200000bc                Temperature
 .bss.Pressure  0x200000c0        0x4 ./Core/Src/main.o
                0x200000c0                Pressure
 .bss.Humidity  0x200000c4        0x4 ./Core/Src/main.o
                0x200000c4                Humidity
 .bss.uwTick    0x200000c8        0x4 ./Drivers/STM32WBxx_HAL_Driver/Src/stm32wbxx_hal.o
                0x200000c8                uwTick
 *(COMMON)
                0x200000cc                        . = ALIGN (0x4)
                0x200000cc                        _ebss = .
                0x200000cc                        __bss_end__ = _ebss

._user_heap_stack
                0x200000cc      0x604 load address 0x080044a8
                0x200000d0                        . = ALIGN (0x8)
 *fill*         0x200000cc        0x4 
                [!provide]                        PROVIDE (end = .)
                0x200000d0                        PROVIDE (_end = .)
                0x200002d0                        . = (. + _Min_Heap_Size)
 *fill*         0x200000d0      0x200 
                0x200006d0                        . = (. + _Min_Stack_Size)
 *fill*         0x200002d0      0x400 
                0x200006d0                        . = ALIGN (0x8)

/DISCARD/
 libc.a(*)
 libm.a(*)
 libgcc.a(*)

.ARM.attributes
                0x00000000       0x30
 *(.ARM.attributes)
 .ARM.attributes
                0x00000000       0x22 C:/ST/STM32CubeIDE_1.15.0/STM32CubeIDE/plugins/com.st.stm32cube.ide.mcu.externaltools.gnu-tools-for-stm32.13.3.rel1.win32_1.0.0.202411081344/tools/bin/../lib/gcc/arm-none-eabi/13.3.1/thumb/v7e-m+fp/hard/crti.o
 .ARM.attributes
                0x00000022       0x34 C:/ST/STM32CubeIDE_1.15.0/STM32CubeIDE/plugins/com.st.stm32cube.ide.mcu.externaltools.gnu-tools-for-stm32.13.3.rel1.win32_1.0.0.202411081344/tools/bin/../lib/gcc/arm-none-eabi/13.3.1/thumb/v7e-m+fp/hard/crtbegin.o
 .ARM.attributes
                0x00000056       0x34 ./Core/Src/BME280_STM32.o
 .ARM.attributes
                0x0000008a       0x34 ./Core/Src/main.o
 .ARM.attributes
                0x000000be       0x34 ./Core/Src/stm32wbxx_hal_msp.o
 .ARM.attributes
                0x000000f2       0x34 ./Core/Src/stm32wbxx_it.o
 .ARM.attributes
                0x00000126       0x34 ./Core/Src/system_stm32wbxx.o
 .ARM.attributes
                0x0000015a       0x21 ./Core/Startup/startup_stm32wb55cgux.o
 .ARM.attributes
                0x0000017b       0x34 ./Drivers/STM32WBxx_HAL_Driver/Src/stm32wbxx_hal.o
 .ARM.attributes
                0x000001af       0x34 ./Drivers/STM32WBxx_HAL_Driver/Src/stm32wbxx_hal_cortex.o
 .ARM.attributes
                0x000001e3       0x34 ./Drivers/STM32WBxx_HAL_Driver/Src/stm32wbxx_hal_gpio.o
 .ARM.attributes
                0x00000217       0x34 ./Drivers/STM32WBxx_HAL_Driver/Src/stm32wbxx_hal_i2c.o
 .ARM.attributes
                0x0000024b       0x34 ./Drivers/STM32WBxx_HAL_Driver/Src/stm32wbxx_hal_i2c_ex.o
 .ARM.attributes
                0x0000027f       0x34 ./Drivers/STM32WBxx_HAL_Driver/Src/stm32wbxx_hal_pwr.o
 .ARM.attributes
                0x000002b3       0x34 ./Drivers/STM32WBxx_HAL_Driver/Src/stm32wbxx_hal_pwr_ex.o
 .ARM.attributes
                0x000002e7       0x34 ./Drivers/STM32WBxx_HAL_Driver/Src/stm32wbxx_hal_rcc.o
 .ARM.attributes
                0x0000031b       0x34 ./Drivers/STM32WBxx_HAL_Driver/Src/stm32wbxx_hal_rcc_ex.o
 .ARM.attributes
                0x0000034f       0x34 C:/ST/STM32CubeIDE_1.15.0/STM32CubeIDE/plugins/com.st.stm32cube.ide.mcu.externaltools.gnu-tools-for-stm32.13.3.rel1.win32_1.0.0.202411081344/tools/bin/../lib/gcc/arm-none-eabi/13.3.1/../../../../arm-none-eabi/lib/thumb/v7e-m+fp/hard\libc_nano.a(libc_a-memset.o)
 .ARM.attributes
                0x00000383       0x34 C:/ST/STM32CubeIDE_1.15.0/STM32CubeIDE/plugins/com.st.stm32cube.ide.mcu.externaltools.gnu-tools-for-stm32.13.3.rel1.win32_1.0.0.202411081344/tools/bin/../lib/gcc/arm-none-eabi/13.3.1/../../../../arm-none-eabi/lib/thumb/v7e-m+fp/hard\libc_nano.a(libc_a-init.o)
 .ARM.attributes
                0x000003b7       0x22 C:/ST/STM32CubeIDE_1.15.0/STM32CubeIDE/plugins/com.st.stm32cube.ide.mcu.externaltools.gnu-tools-for-stm32.13.3.rel1.win32_1.0.0.202411081344/tools/bin/../lib/gcc/arm-none-eabi/13.3.1/thumb/v7e-m+fp/hard\libgcc.a(_arm_addsubdf3.o)
 .ARM.attributes
                0x000003d9       0x22 C:/ST/STM32CubeIDE_1.15.0/STM32CubeIDE/plugins/com.st.stm32cube.ide.mcu.externaltools.gnu-tools-for-stm32.13.3.rel1.win32_1.0.0.202411081344/tools/bin/../lib/gcc/arm-none-eabi/13.3.1/thumb/v7e-m+fp/hard\libgcc.a(_arm_muldivdf3.o)
 .ARM.attributes
                0x000003fb       0x22 C:/ST/STM32CubeIDE_1.15.0/STM32CubeIDE/plugins/com.st.stm32cube.ide.mcu.externaltools.gnu-tools-for-stm32.13.3.rel1.win32_1.0.0.202411081344/tools/bin/../lib/gcc/arm-none-eabi/13.3.1/thumb/v7e-m+fp/hard\libgcc.a(_arm_truncdfsf2.o)
 .ARM.attributes
                0x0000041d       0x22 C:/ST/STM32CubeIDE_1.15.0/STM32CubeIDE/plugins/com.st.stm32cube.ide.mcu.externaltools.gnu-tools-for-stm32.13.3.rel1.win32_1.0.0.202411081344/tools/bin/../lib/gcc/arm-none-eabi/13.3.1/thumb/v7e-m+fp/hard/crtn.o

MAPPING_TABLE
 *(MAPPING_TABLE)

MB_MEM1
 *(MB_MEM1)
                0x080044a8                        _siMB_MEM2 = LOADADDR (.MB_MEM2)

.MB_MEM2        0x20030000        0x0 load address 0x080044a8
                0x20030000                        _sMB_MEM2 = .
 *(MB_MEM2)
                0x20030000                        _eMB_MEM2 = .
OUTPUT(BME280_Test.elf elf32-littlearm)
LOAD linker stubs
LOAD C:/ST/STM32CubeIDE_1.15.0/STM32CubeIDE/plugins/com.st.stm32cube.ide.mcu.externaltools.gnu-tools-for-stm32.13.3.rel1.win32_1.0.0.202411081344/tools/bin/../lib/gcc/arm-none-eabi/13.3.1/../../../../arm-none-eabi/lib/thumb/v7e-m+fp/hard\libc.a
LOAD C:/ST/STM32CubeIDE_1.15.0/STM32CubeIDE/plugins/com.st.stm32cube.ide.mcu.externaltools.gnu-tools-for-stm32.13.3.rel1.win32_1.0.0.202411081344/tools/bin/../lib/gcc/arm-none-eabi/13.3.1/../../../../arm-none-eabi/lib/thumb/v7e-m+fp/hard\libm.a
LOAD C:/ST/STM32CubeIDE_1.15.0/STM32CubeIDE/plugins/com.st.stm32cube.ide.mcu.externaltools.gnu-tools-for-stm32.13.3.rel1.win32_1.0.0.202411081344/tools/bin/../lib/gcc/arm-none-eabi/13.3.1/thumb/v7e-m+fp/hard\libgcc.a

.debug_info     0x00000000     0xced7
 .debug_info    0x00000000      0xb7f ./Core/Src/BME280_STM32.o
 .debug_info    0x00000b7f     0x1169 ./Core/Src/main.o
 .debug_info    0x00001ce8      0xe29 ./Core/Src/stm32wbxx_hal_msp.o
 .debug_info    0x00002b11      0x113 ./Core/Src/stm32wbxx_it.o
 .debug_info    0x00002c24      0x703 ./Core/Src/system_stm32wbxx.o
 .debug_info    0x00003327       0x30 ./Core/Startup/startup_stm32wb55cgux.o
 .debug_info    0x00003357     0x12ae ./Drivers/STM32WBxx_HAL_Driver/Src/stm32wbxx_hal.o
 .debug_info    0x00004605      0xccd ./Drivers/STM32WBxx_HAL_Driver/Src/stm32wbxx_hal_cortex.o
 .debug_info    0x000052d2      0x6aa ./Drivers/STM32WBxx_HAL_Driver/Src/stm32wbxx_hal_gpio.o
 .debug_info    0x0000597c     0x21ee ./Drivers/STM32WBxx_HAL_Driver/Src/stm32wbxx_hal_i2c.o
 .debug_info    0x00007b6a      0x8fb ./Drivers/STM32WBxx_HAL_Driver/Src/stm32wbxx_hal_i2c_ex.o
 .debug_info    0x00008465      0x904 ./Drivers/STM32WBxx_HAL_Driver/Src/stm32wbxx_hal_pwr.o
 .debug_info    0x00008d69     0x105d ./Drivers/STM32WBxx_HAL_Driver/Src/stm32wbxx_hal_pwr_ex.o
 .debug_info    0x00009dc6     0x14d1 ./Drivers/STM32WBxx_HAL_Driver/Src/stm32wbxx_hal_rcc.o
 .debug_info    0x0000b297     0x1c40 ./Drivers/STM32WBxx_HAL_Driver/Src/stm32wbxx_hal_rcc_ex.o

.debug_abbrev   0x00000000     0x2129
 .debug_abbrev  0x00000000      0x25f ./Core/Src/BME280_STM32.o
 .debug_abbrev  0x0000025f      0x29a ./Core/Src/main.o
 .debug_abbrev  0x000004f9      0x23b ./Core/Src/stm32wbxx_hal_msp.o
 .debug_abbrev  0x00000734       0x73 ./Core/Src/stm32wbxx_it.o
 .debug_abbrev  0x000007a7      0x13b ./Core/Src/system_stm32wbxx.o
 .debug_abbrev  0x000008e2       0x24 ./Core/Startup/startup_stm32wb55cgux.o
 .debug_abbrev  0x00000906      0x367 ./Drivers/STM32WBxx_HAL_Driver/Src/stm32wbxx_hal.o
 .debug_abbrev  0x00000c6d      0x319 ./Drivers/STM32WBxx_HAL_Driver/Src/stm32wbxx_hal_cortex.o
 .debug_abbrev  0x00000f86      0x1e5 ./Drivers/STM32WBxx_HAL_Driver/Src/stm32wbxx_hal_gpio.o
 .debug_abbrev  0x0000116b      0x260 ./Drivers/STM32WBxx_HAL_Driver/Src/stm32wbxx_hal_i2c.o
 .debug_abbrev  0x000013cb      0x1c8 ./Drivers/STM32WBxx_HAL_Driver/Src/stm32wbxx_hal_i2c_ex.o
 .debug_abbrev  0x00001593      0x205 ./Drivers/STM32WBxx_HAL_Driver/Src/stm32wbxx_hal_pwr.o
 .debug_abbrev  0x00001798      0x31c ./Drivers/STM32WBxx_HAL_Driver/Src/stm32wbxx_hal_pwr_ex.o
 .debug_abbrev  0x00001ab4      0x31b ./Drivers/STM32WBxx_HAL_Driver/Src/stm32wbxx_hal_rcc.o
 .debug_abbrev  0x00001dcf      0x35a ./Drivers/STM32WBxx_HAL_Driver/Src/stm32wbxx_hal_rcc_ex.o

.debug_aranges  0x00000000     0x11e0
 .debug_aranges
                0x00000000       0x58 ./Core/Src/BME280_STM32.o
 .debug_aranges
                0x00000058       0x50 ./Core/Src/main.o
 .debug_aranges
                0x000000a8       0x48 ./Core/Src/stm32wbxx_hal_msp.o
 .debug_aranges
                0x000000f0       0x60 ./Core/Src/stm32wbxx_it.o
 .debug_aranges
                0x00000150       0x28 ./Core/Src/system_stm32wbxx.o
 .debug_aranges
                0x00000178       0x30 ./Core/Startup/startup_stm32wb55cgux.o
 .debug_aranges
                0x000001a8      0x280 ./Drivers/STM32WBxx_HAL_Driver/Src/stm32wbxx_hal.o
 .debug_aranges
                0x00000428      0x118 ./Drivers/STM32WBxx_HAL_Driver/Src/stm32wbxx_hal_cortex.o
 .debug_aranges
                0x00000540       0x60 ./Drivers/STM32WBxx_HAL_Driver/Src/stm32wbxx_hal_gpio.o
 .debug_aranges
                0x000005a0      0x2a0 ./Drivers/STM32WBxx_HAL_Driver/Src/stm32wbxx_hal_i2c.o
 .debug_aranges
                0x00000840       0x48 ./Drivers/STM32WBxx_HAL_Driver/Src/stm32wbxx_hal_i2c_ex.o
 .debug_aranges
                0x00000888       0xd0 ./Drivers/STM32WBxx_HAL_Driver/Src/stm32wbxx_hal_pwr.o
 .debug_aranges
                0x00000958      0x288 ./Drivers/STM32WBxx_HAL_Driver/Src/stm32wbxx_hal_pwr_ex.o
 .debug_aranges
                0x00000be0      0x270 ./Drivers/STM32WBxx_HAL_Driver/Src/stm32wbxx_hal_rcc.o
 .debug_aranges
                0x00000e50      0x390 ./Drivers/STM32WBxx_HAL_Driver/Src/stm32wbxx_hal_rcc_ex.o

.debug_rnglists
                0x00000000      0xd84
 .debug_rnglists
                0x00000000       0x44 ./Core/Src/BME280_STM32.o
 .debug_rnglists
                0x00000044       0x39 ./Core/Src/main.o
 .debug_rnglists
                0x0000007d       0x32 ./Core/Src/stm32wbxx_hal_msp.o
 .debug_rnglists
                0x000000af       0x43 ./Core/Src/stm32wbxx_it.o
 .debug_rnglists
                0x000000f2       0x1b ./Core/Src/system_stm32wbxx.o
 .debug_rnglists
                0x0000010d       0x1f ./Core/Startup/startup_stm32wb55cgux.o
 .debug_rnglists
                0x0000012c      0x1db ./Drivers/STM32WBxx_HAL_Driver/Src/stm32wbxx_hal.o
 .debug_rnglists
                0x00000307       0xce ./Drivers/STM32WBxx_HAL_Driver/Src/stm32wbxx_hal_cortex.o
 .debug_rnglists
                0x000003d5       0x45 ./Drivers/STM32WBxx_HAL_Driver/Src/stm32wbxx_hal_gpio.o
 .debug_rnglists
                0x0000041a      0x228 ./Drivers/STM32WBxx_HAL_Driver/Src/stm32wbxx_hal_i2c.o
 .debug_rnglists
                0x00000642       0x35 ./Drivers/STM32WBxx_HAL_Driver/Src/stm32wbxx_hal_i2c_ex.o
 .debug_rnglists
                0x00000677       0x99 ./Drivers/STM32WBxx_HAL_Driver/Src/stm32wbxx_hal_pwr.o
 .debug_rnglists
                0x00000710      0x1e8 ./Drivers/STM32WBxx_HAL_Driver/Src/stm32wbxx_hal_pwr_ex.o
 .debug_rnglists
                0x000008f8      0x1d6 ./Drivers/STM32WBxx_HAL_Driver/Src/stm32wbxx_hal_rcc.o
 .debug_rnglists
                0x00000ace      0x2b6 ./Drivers/STM32WBxx_HAL_Driver/Src/stm32wbxx_hal_rcc_ex.o

.debug_macro    0x00000000    0x2054a
 .debug_macro   0x00000000      0x234 ./Core/Src/BME280_STM32.o
 .debug_macro   0x00000234      0xad8 ./Core/Src/BME280_STM32.o
 .debug_macro   0x00000d0c      0x12a ./Core/Src/BME280_STM32.o
 .debug_macro   0x00000e36       0x2e ./Core/Src/BME280_STM32.o
 .debug_macro   0x00000e64       0x2e ./Core/Src/BME280_STM32.o
 .debug_macro   0x00000e92       0x22 ./Core/Src/BME280_STM32.o
 .debug_macro   0x00000eb4       0x8e ./Core/Src/BME280_STM32.o
 .debug_macro   0x00000f42       0x51 ./Core/Src/BME280_STM32.o
 .debug_macro   0x00000f93      0x103 ./Core/Src/BME280_STM32.o
 .debug_macro   0x00001096       0x6a ./Core/Src/BME280_STM32.o
 .debug_macro   0x00001100      0x1df ./Core/Src/BME280_STM32.o
 .debug_macro   0x000012df       0x1c ./Core/Src/BME280_STM32.o
 .debug_macro   0x000012fb       0x22 ./Core/Src/BME280_STM32.o
 .debug_macro   0x0000131d       0xfb ./Core/Src/BME280_STM32.o
 .debug_macro   0x00001418     0x1011 ./Core/Src/BME280_STM32.o
 .debug_macro   0x00002429      0x11f ./Core/Src/BME280_STM32.o
 .debug_macro   0x00002548    0x12adb ./Core/Src/BME280_STM32.o
 .debug_macro   0x00015023       0x6c ./Core/Src/BME280_STM32.o
 .debug_macro   0x0001508f     0x350b ./Core/Src/BME280_STM32.o
 .debug_macro   0x0001859a      0x190 ./Core/Src/BME280_STM32.o
 .debug_macro   0x0001872a       0x5c ./Core/Src/BME280_STM32.o
 .debug_macro   0x00018786      0x3f5 ./Core/Src/BME280_STM32.o
 .debug_macro   0x00018b7b      0x286 ./Core/Src/BME280_STM32.o
 .debug_macro   0x00018e01      0x30d ./Core/Src/BME280_STM32.o
 .debug_macro   0x0001910e      0x17e ./Core/Src/BME280_STM32.o
 .debug_macro   0x0001928c       0x43 ./Core/Src/BME280_STM32.o
 .debug_macro   0x000192cf      0x236 ./Core/Src/BME280_STM32.o
 .debug_macro   0x00019505      0x24a ./Core/Src/BME280_STM32.o
 .debug_macro   0x0001974f      0x57b ./Core/Src/BME280_STM32.o
 .debug_macro   0x00019cca       0x2e ./Core/Src/BME280_STM32.o
 .debug_macro   0x00019cf8      0x100 ./Core/Src/BME280_STM32.o
 .debug_macro   0x00019df8      0x1ba ./Core/Src/BME280_STM32.o
 .debug_macro   0x00019fb2      0x1cd ./Core/Src/BME280_STM32.o
 .debug_macro   0x0001a17f      0x22c ./Core/Src/BME280_STM32.o
 .debug_macro   0x0001a3ab       0x55 ./Core/Src/BME280_STM32.o
 .debug_macro   0x0001a400       0xa5 ./Core/Src/BME280_STM32.o
 .debug_macro   0x0001a4a5      0x381 ./Core/Src/BME280_STM32.o
 .debug_macro   0x0001a826      0x13d ./Core/Src/BME280_STM32.o
 .debug_macro   0x0001a963      0x141 ./Core/Src/BME280_STM32.o
 .debug_macro   0x0001aaa4      0x4ff ./Core/Src/BME280_STM32.o
 .debug_macro   0x0001afa3      0x874 ./Core/Src/BME280_STM32.o
 .debug_macro   0x0001b817      0x259 ./Core/Src/BME280_STM32.o
 .debug_macro   0x0001ba70     0x1bb1 ./Core/Src/BME280_STM32.o
 .debug_macro   0x0001d621       0xe4 ./Core/Src/BME280_STM32.o
 .debug_macro   0x0001d705      0x5e7 ./Core/Src/BME280_STM32.o
 .debug_macro   0x0001dcec      0x557 ./Core/Src/BME280_STM32.o
 .debug_macro   0x0001e243      0x433 ./Core/Src/BME280_STM32.o
 .debug_macro   0x0001e676       0xb2 ./Core/Src/BME280_STM32.o
 .debug_macro   0x0001e728      0x226 ./Core/Src/main.o
 .debug_macro   0x0001e94e       0xb8 ./Core/Src/main.o
 .debug_macro   0x0001ea06      0x21d ./Core/Src/stm32wbxx_hal_msp.o
 .debug_macro   0x0001ec23      0x227 ./Core/Src/stm32wbxx_it.o
 .debug_macro   0x0001ee4a      0x213 ./Core/Src/system_stm32wbxx.o
 .debug_macro   0x0001f05d      0x237 ./Drivers/STM32WBxx_HAL_Driver/Src/stm32wbxx_hal.o
 .debug_macro   0x0001f294      0x213 ./Drivers/STM32WBxx_HAL_Driver/Src/stm32wbxx_hal_cortex.o
 .debug_macro   0x0001f4a7      0x21a ./Drivers/STM32WBxx_HAL_Driver/Src/stm32wbxx_hal_gpio.o
 .debug_macro   0x0001f6c1      0x2df ./Drivers/STM32WBxx_HAL_Driver/Src/stm32wbxx_hal_i2c.o
 .debug_macro   0x0001f9a0      0x213 ./Drivers/STM32WBxx_HAL_Driver/Src/stm32wbxx_hal_i2c_ex.o
 .debug_macro   0x0001fbb3      0x285 ./Drivers/STM32WBxx_HAL_Driver/Src/stm32wbxx_hal_pwr.o
 .debug_macro   0x0001fe38      0x225 ./Drivers/STM32WBxx_HAL_Driver/Src/stm32wbxx_hal_pwr_ex.o
 .debug_macro   0x0002005d      0x285 ./Drivers/STM32WBxx_HAL_Driver/Src/stm32wbxx_hal_rcc.o
 .debug_macro   0x000202e2      0x268 ./Drivers/STM32WBxx_HAL_Driver/Src/stm32wbxx_hal_rcc_ex.o

.debug_line     0x00000000     0xef56
 .debug_line    0x00000000      0xc1a ./Core/Src/BME280_STM32.o
 .debug_line    0x00000c1a      0x917 ./Core/Src/main.o
 .debug_line    0x00001531      0x886 ./Core/Src/stm32wbxx_hal_msp.o
 .debug_line    0x00001db7      0x873 ./Core/Src/stm32wbxx_it.o
 .debug_line    0x0000262a      0x877 ./Core/Src/system_stm32wbxx.o
 .debug_line    0x00002ea1       0x83 ./Core/Startup/startup_stm32wb55cgux.o
 .debug_line    0x00002f24     0x103a ./Drivers/STM32WBxx_HAL_Driver/Src/stm32wbxx_hal.o
 .debug_line    0x00003f5e      0xd24 ./Drivers/STM32WBxx_HAL_Driver/Src/stm32wbxx_hal_cortex.o
 .debug_line    0x00004c82      0xbeb ./Drivers/STM32WBxx_HAL_Driver/Src/stm32wbxx_hal_gpio.o
 .debug_line    0x0000586d     0x3791 ./Drivers/STM32WBxx_HAL_Driver/Src/stm32wbxx_hal_i2c.o
 .debug_line    0x00008ffe      0x928 ./Drivers/STM32WBxx_HAL_Driver/Src/stm32wbxx_hal_i2c_ex.o
 .debug_line    0x00009926      0xa61 ./Drivers/STM32WBxx_HAL_Driver/Src/stm32wbxx_hal_pwr.o
 .debug_line    0x0000a387     0x1163 ./Drivers/STM32WBxx_HAL_Driver/Src/stm32wbxx_hal_pwr_ex.o
 .debug_line    0x0000b4ea     0x1ad8 ./Drivers/STM32WBxx_HAL_Driver/Src/stm32wbxx_hal_rcc.o
 .debug_line    0x0000cfc2     0x1f94 ./Drivers/STM32WBxx_HAL_Driver/Src/stm32wbxx_hal_rcc_ex.o

.debug_str      0x00000000    0xcef60
 .debug_str     0x00000000    0xcef60 ./Core/Src/BME280_STM32.o
                              0xcaa51 (size before relaxing)
 .debug_str     0x000cef60    0xcaef1 ./Core/Src/main.o
 .debug_str     0x000cef60    0xcab4b ./Core/Src/stm32wbxx_hal_msp.o
 .debug_str     0x000cef60    0xca128 ./Core/Src/stm32wbxx_it.o
 .debug_str     0x000cef60    0xca39e ./Core/Src/system_stm32wbxx.o
 .debug_str     0x000cef60       0x83 ./Core/Startup/startup_stm32wb55cgux.o
 .debug_str     0x000cef60    0xcb284 ./Drivers/STM32WBxx_HAL_Driver/Src/stm32wbxx_hal.o
 .debug_str     0x000cef60    0xcaa3c ./Drivers/STM32WBxx_HAL_Driver/Src/stm32wbxx_hal_cortex.o
 .debug_str     0x000cef60    0xca378 ./Drivers/STM32WBxx_HAL_Driver/Src/stm32wbxx_hal_gpio.o
 .debug_str     0x000cef60    0xcb5bb ./Drivers/STM32WBxx_HAL_Driver/Src/stm32wbxx_hal_i2c.o
 .debug_str     0x000cef60    0xca7ad ./Drivers/STM32WBxx_HAL_Driver/Src/stm32wbxx_hal_i2c_ex.o
 .debug_str     0x000cef60    0xca80e ./Drivers/STM32WBxx_HAL_Driver/Src/stm32wbxx_hal_pwr.o
 .debug_str     0x000cef60    0xcad0f ./Drivers/STM32WBxx_HAL_Driver/Src/stm32wbxx_hal_pwr_ex.o
 .debug_str     0x000cef60    0xcb1fc ./Drivers/STM32WBxx_HAL_Driver/Src/stm32wbxx_hal_rcc.o
 .debug_str     0x000cef60    0xcb625 ./Drivers/STM32WBxx_HAL_Driver/Src/stm32wbxx_hal_rcc_ex.o

.comment        0x00000000       0x43
 .comment       0x00000000       0x43 ./Core/Src/BME280_STM32.o
                                 0x44 (size before relaxing)
 .comment       0x00000043       0x44 ./Core/Src/main.o
 .comment       0x00000043       0x44 ./Core/Src/stm32wbxx_hal_msp.o
 .comment       0x00000043       0x44 ./Core/Src/stm32wbxx_it.o
 .comment       0x00000043       0x44 ./Core/Src/system_stm32wbxx.o
 .comment       0x00000043       0x44 ./Drivers/STM32WBxx_HAL_Driver/Src/stm32wbxx_hal.o
 .comment       0x00000043       0x44 ./Drivers/STM32WBxx_HAL_Driver/Src/stm32wbxx_hal_cortex.o
 .comment       0x00000043       0x44 ./Drivers/STM32WBxx_HAL_Driver/Src/stm32wbxx_hal_gpio.o
 .comment       0x00000043       0x44 ./Drivers/STM32WBxx_HAL_Driver/Src/stm32wbxx_hal_i2c.o
 .comment       0x00000043       0x44 ./Drivers/STM32WBxx_HAL_Driver/Src/stm32wbxx_hal_i2c_ex.o
 .comment       0x00000043       0x44 ./Drivers/STM32WBxx_HAL_Driver/Src/stm32wbxx_hal_pwr.o
 .comment       0x00000043       0x44 ./Drivers/STM32WBxx_HAL_Driver/Src/stm32wbxx_hal_pwr_ex.o
 .comment       0x00000043       0x44 ./Drivers/STM32WBxx_HAL_Driver/Src/stm32wbxx_hal_rcc.o
 .comment       0x00000043       0x44 ./Drivers/STM32WBxx_HAL_Driver/Src/stm32wbxx_hal_rcc_ex.o

.debug_frame    0x00000000     0x4aec
 .debug_frame   0x00000000      0x140 ./Core/Src/BME280_STM32.o
 .debug_frame   0x00000140       0xf0 ./Core/Src/main.o
 .debug_frame   0x00000230       0xf0 ./Core/Src/stm32wbxx_hal_msp.o
 .debug_frame   0x00000320      0x104 ./Core/Src/stm32wbxx_it.o
 .debug_frame   0x00000424       0x58 ./Core/Src/system_stm32wbxx.o
 .debug_frame   0x0000047c      0xa34 ./Drivers/STM32WBxx_HAL_Driver/Src/stm32wbxx_hal.o
 .debug_frame   0x00000eb0      0x49c ./Drivers/STM32WBxx_HAL_Driver/Src/stm32wbxx_hal_cortex.o
 .debug_frame   0x0000134c      0x174 ./Drivers/STM32WBxx_HAL_Driver/Src/stm32wbxx_hal_gpio.o
 .debug_frame   0x000014c0      0xc38 ./Drivers/STM32WBxx_HAL_Driver/Src/stm32wbxx_hal_i2c.o
 .debug_frame   0x000020f8      0x100 ./Drivers/STM32WBxx_HAL_Driver/Src/stm32wbxx_hal_i2c_ex.o
 .debug_frame   0x000021f8      0x344 ./Drivers/STM32WBxx_HAL_Driver/Src/stm32wbxx_hal_pwr.o
 .debug_frame   0x0000253c      0xb00 ./Drivers/STM32WBxx_HAL_Driver/Src/stm32wbxx_hal_pwr_ex.o
 .debug_frame   0x0000303c      0xa0c ./Drivers/STM32WBxx_HAL_Driver/Src/stm32wbxx_hal_rcc.o
 .debug_frame   0x00003a48      0xf38 ./Drivers/STM32WBxx_HAL_Driver/Src/stm32wbxx_hal_rcc_ex.o
 .debug_frame   0x00004980       0x20 C:/ST/STM32CubeIDE_1.15.0/STM32CubeIDE/plugins/com.st.stm32cube.ide.mcu.externaltools.gnu-tools-for-stm32.13.3.rel1.win32_1.0.0.202411081344/tools/bin/../lib/gcc/arm-none-eabi/13.3.1/../../../../arm-none-eabi/lib/thumb/v7e-m+fp/hard\libc_nano.a(libc_a-memset.o)
 .debug_frame   0x000049a0       0x2c C:/ST/STM32CubeIDE_1.15.0/STM32CubeIDE/plugins/com.st.stm32cube.ide.mcu.externaltools.gnu-tools-for-stm32.13.3.rel1.win32_1.0.0.202411081344/tools/bin/../lib/gcc/arm-none-eabi/13.3.1/../../../../arm-none-eabi/lib/thumb/v7e-m+fp/hard\libc_nano.a(libc_a-init.o)
 .debug_frame   0x000049cc       0xac C:/ST/STM32CubeIDE_1.15.0/STM32CubeIDE/plugins/com.st.stm32cube.ide.mcu.externaltools.gnu-tools-for-stm32.13.3.rel1.win32_1.0.0.202411081344/tools/bin/../lib/gcc/arm-none-eabi/13.3.1/thumb/v7e-m+fp/hard\libgcc.a(_arm_addsubdf3.o)
 .debug_frame   0x00004a78       0x50 C:/ST/STM32CubeIDE_1.15.0/STM32CubeIDE/plugins/com.st.stm32cube.ide.mcu.externaltools.gnu-tools-for-stm32.13.3.rel1.win32_1.0.0.202411081344/tools/bin/../lib/gcc/arm-none-eabi/13.3.1/thumb/v7e-m+fp/hard\libgcc.a(_arm_muldivdf3.o)
 .debug_frame   0x00004ac8       0x24 C:/ST/STM32CubeIDE_1.15.0/STM32CubeIDE/plugins/com.st.stm32cube.ide.mcu.externaltools.gnu-tools-for-stm32.13.3.rel1.win32_1.0.0.202411081344/tools/bin/../lib/gcc/arm-none-eabi/13.3.1/thumb/v7e-m+fp/hard\libgcc.a(_arm_truncdfsf2.o)

.debug_line_str
                0x00000000       0x67
 .debug_line_str
                0x00000000       0x67 ./Core/Startup/startup_stm32wb55cgux.o
